// Jest Snapshot v1, https://goo.gl/fbAQLP

exports[`Health works 1`] = `"working"`;
